MO Bit3CarryLookAheadAdder NULL Bit3CarryLookAheadAdder.vf vlg57/_bit3_carry_look_ahead_adder.bin 1606864786
MO LastCLAAdder NULL LastCLAAdder.vf vlg64/_last_c_l_a_adder.bin 1606864786
MO LastCLAAdder_MUSER_Bit15CLAAdderSubtractor NULL Bit15CLAAdderSubtractor.vf vlg34/_last_c_l_a_adder___m_u_s_e_r___bit15_c_l_a_adder_subtractor.bin 1606864786
MO Bit15CLAAdderSubtractor NULL Bit15CLAAdderSubtractor.vf vlg6E/_bit15_c_l_a_adder_subtractor.bin 1606864786
MO Bit3CarryLookAheadAdder_MUSER_Bit15CLAAdderSubtractor NULL Bit15CLAAdderSubtractor.vf vlg1F/_bit3_carry_look_ahead_adder___m_u_s_e_r___bit15_c_l_a_adder_subtractor.bin 1606864786
