--------------------------------------------------------------------------------
Release 14.7 Trace  (nt64)
Copyright (c) 1995-2013 Xilinx, Inc.  All rights reserved.

C:\Xilinx\14.7\ISE_DS\ISE\bin\nt64\unwrapped\trce.exe -intstyle ise -v 3 -s 4
-n 3 -fastpaths -xml Bit20CLAAdder.twx Bit20CLAAdder.ncd -o Bit20CLAAdder.twr
Bit20CLAAdder.pcf

Design file:              Bit20CLAAdder.ncd
Physical constraint file: Bit20CLAAdder.pcf
Device,package,speed:     xc3s100e,tq144,-4 (PRODUCTION 1.27 2013-10-13)
Report level:             verbose report

Environment Variable      Effect 
--------------------      ------ 
NONE                      No environment variables were set
--------------------------------------------------------------------------------

INFO:Timing:2698 - No timing constraints found, doing default enumeration.
INFO:Timing:3412 - To improve timing, see the Timing Closure User Guide (UG612).
INFO:Timing:2752 - To get complete path coverage, use the unconstrained paths 
   option. All paths that are not constrained will be reported in the 
   unconstrained paths section(s) of the report.
INFO:Timing:3339 - The clock-to-out numbers in this timing report are based on 
   a 50 Ohm transmission line loading model.  For the details of this model, 
   and for more information on accounting for different loading conditions, 
   please see the device datasheet.
INFO:Timing:3390 - This architecture does not support a default System Jitter 
   value, please add SYSTEM_JITTER constraint to the UCF to modify the Clock 
   Uncertainty calculation.
INFO:Timing:3389 - This architecture does not support 'Discrete Jitter' and 
   'Phase Error' calculations, these terms will be zero in the Clock 
   Uncertainty calculation.  Please make appropriate modification to 
   SYSTEM_JITTER to account for the unsupported Discrete Jitter and Phase 
   Error.



Data Sheet report:
-----------------
All values displayed in nanoseconds (ns)

Pad to Pad
---------------+---------------+---------+
Source Pad     |Destination Pad|  Delay  |
---------------+---------------+---------+
A<0>           |Carry          |   25.635|
A<0>           |OVF            |   26.182|
A<0>           |Sum<0>         |    9.018|
A<0>           |Sum<1>         |    8.606|
A<0>           |Sum<2>         |    8.856|
A<0>           |Sum<3>         |   10.426|
A<0>           |Sum<4>         |   11.242|
A<0>           |Sum<5>         |   12.634|
A<0>           |Sum<6>         |   12.865|
A<0>           |Sum<7>         |   14.234|
A<0>           |Sum<8>         |   14.456|
A<0>           |Sum<9>         |   15.743|
A<0>           |Sum<10>        |   15.779|
A<0>           |Sum<11>        |   16.480|
A<0>           |Sum<12>        |   18.062|
A<0>           |Sum<13>        |   19.569|
A<0>           |Sum<14>        |   19.967|
A<0>           |Sum<15>        |   20.612|
A<0>           |Sum<16>        |   21.402|
A<0>           |Sum<17>        |   23.810|
A<0>           |Sum<18>        |   25.117|
A<0>           |Sum<19>        |   25.887|
A<1>           |Carry          |   26.503|
A<1>           |OVF            |   27.050|
A<1>           |Sum<1>         |    9.161|
A<1>           |Sum<2>         |    9.724|
A<1>           |Sum<3>         |   11.294|
A<1>           |Sum<4>         |   12.110|
A<1>           |Sum<5>         |   13.502|
A<1>           |Sum<6>         |   13.733|
A<1>           |Sum<7>         |   15.102|
A<1>           |Sum<8>         |   15.324|
A<1>           |Sum<9>         |   16.611|
A<1>           |Sum<10>        |   16.647|
A<1>           |Sum<11>        |   17.348|
A<1>           |Sum<12>        |   18.930|
A<1>           |Sum<13>        |   20.437|
A<1>           |Sum<14>        |   20.835|
A<1>           |Sum<15>        |   21.480|
A<1>           |Sum<16>        |   22.270|
A<1>           |Sum<17>        |   24.678|
A<1>           |Sum<18>        |   25.985|
A<1>           |Sum<19>        |   26.755|
A<2>           |Carry          |   24.636|
A<2>           |OVF            |   25.183|
A<2>           |Sum<2>         |    8.390|
A<2>           |Sum<3>         |    9.427|
A<2>           |Sum<4>         |   10.243|
A<2>           |Sum<5>         |   11.635|
A<2>           |Sum<6>         |   11.866|
A<2>           |Sum<7>         |   13.235|
A<2>           |Sum<8>         |   13.457|
A<2>           |Sum<9>         |   14.744|
A<2>           |Sum<10>        |   14.780|
A<2>           |Sum<11>        |   15.481|
A<2>           |Sum<12>        |   17.063|
A<2>           |Sum<13>        |   18.570|
A<2>           |Sum<14>        |   18.968|
A<2>           |Sum<15>        |   19.613|
A<2>           |Sum<16>        |   20.403|
A<2>           |Sum<17>        |   22.811|
A<2>           |Sum<18>        |   24.118|
A<2>           |Sum<19>        |   24.888|
A<3>           |Carry          |   24.185|
A<3>           |OVF            |   24.732|
A<3>           |Sum<3>         |    9.002|
A<3>           |Sum<4>         |    9.792|
A<3>           |Sum<5>         |   11.184|
A<3>           |Sum<6>         |   11.415|
A<3>           |Sum<7>         |   12.784|
A<3>           |Sum<8>         |   13.006|
A<3>           |Sum<9>         |   14.293|
A<3>           |Sum<10>        |   14.329|
A<3>           |Sum<11>        |   15.030|
A<3>           |Sum<12>        |   16.612|
A<3>           |Sum<13>        |   18.119|
A<3>           |Sum<14>        |   18.517|
A<3>           |Sum<15>        |   19.162|
A<3>           |Sum<16>        |   19.952|
A<3>           |Sum<17>        |   22.360|
A<3>           |Sum<18>        |   23.667|
A<3>           |Sum<19>        |   24.437|
A<4>           |Carry          |   22.909|
A<4>           |OVF            |   23.456|
A<4>           |Sum<4>         |    8.213|
A<4>           |Sum<5>         |    9.908|
A<4>           |Sum<6>         |   10.139|
A<4>           |Sum<7>         |   11.508|
A<4>           |Sum<8>         |   11.730|
A<4>           |Sum<9>         |   13.017|
A<4>           |Sum<10>        |   13.053|
A<4>           |Sum<11>        |   13.754|
A<4>           |Sum<12>        |   15.336|
A<4>           |Sum<13>        |   16.843|
A<4>           |Sum<14>        |   17.241|
A<4>           |Sum<15>        |   17.886|
A<4>           |Sum<16>        |   18.676|
A<4>           |Sum<17>        |   21.084|
A<4>           |Sum<18>        |   22.391|
A<4>           |Sum<19>        |   23.161|
A<5>           |Carry          |   22.121|
A<5>           |OVF            |   22.668|
A<5>           |Sum<5>         |    9.379|
A<5>           |Sum<6>         |    9.166|
A<5>           |Sum<7>         |   10.720|
A<5>           |Sum<8>         |   10.942|
A<5>           |Sum<9>         |   12.229|
A<5>           |Sum<10>        |   12.265|
A<5>           |Sum<11>        |   12.966|
A<5>           |Sum<12>        |   14.548|
A<5>           |Sum<13>        |   16.055|
A<5>           |Sum<14>        |   16.453|
A<5>           |Sum<15>        |   17.098|
A<5>           |Sum<16>        |   17.888|
A<5>           |Sum<17>        |   20.296|
A<5>           |Sum<18>        |   21.603|
A<5>           |Sum<19>        |   22.373|
A<6>           |Carry          |   22.280|
A<6>           |OVF            |   22.827|
A<6>           |Sum<6>         |    9.534|
A<6>           |Sum<7>         |   10.879|
A<6>           |Sum<8>         |   11.101|
A<6>           |Sum<9>         |   12.388|
A<6>           |Sum<10>        |   12.424|
A<6>           |Sum<11>        |   13.125|
A<6>           |Sum<12>        |   14.707|
A<6>           |Sum<13>        |   16.214|
A<6>           |Sum<14>        |   16.612|
A<6>           |Sum<15>        |   17.257|
A<6>           |Sum<16>        |   18.047|
A<6>           |Sum<17>        |   20.455|
A<6>           |Sum<18>        |   21.762|
A<6>           |Sum<19>        |   22.532|
A<7>           |Carry          |   20.073|
A<7>           |OVF            |   20.620|
A<7>           |Sum<7>         |    7.967|
A<7>           |Sum<8>         |    8.894|
A<7>           |Sum<9>         |   10.181|
A<7>           |Sum<10>        |   10.217|
A<7>           |Sum<11>        |   10.918|
A<7>           |Sum<12>        |   12.500|
A<7>           |Sum<13>        |   14.007|
A<7>           |Sum<14>        |   14.405|
A<7>           |Sum<15>        |   15.050|
A<7>           |Sum<16>        |   15.840|
A<7>           |Sum<17>        |   18.248|
A<7>           |Sum<18>        |   19.555|
A<7>           |Sum<19>        |   20.325|
A<8>           |Carry          |   18.450|
A<8>           |OVF            |   18.997|
A<8>           |Sum<8>         |    7.162|
A<8>           |Sum<9>         |    8.558|
A<8>           |Sum<10>        |    8.594|
A<8>           |Sum<11>        |    9.295|
A<8>           |Sum<12>        |   10.877|
A<8>           |Sum<13>        |   12.384|
A<8>           |Sum<14>        |   12.782|
A<8>           |Sum<15>        |   13.427|
A<8>           |Sum<16>        |   14.217|
A<8>           |Sum<17>        |   16.625|
A<8>           |Sum<18>        |   17.932|
A<8>           |Sum<19>        |   18.702|
A<9>           |Carry          |   17.932|
A<9>           |OVF            |   18.479|
A<9>           |Sum<9>         |    7.722|
A<9>           |Sum<10>        |    8.076|
A<9>           |Sum<11>        |    8.777|
A<9>           |Sum<12>        |   10.359|
A<9>           |Sum<13>        |   11.866|
A<9>           |Sum<14>        |   12.264|
A<9>           |Sum<15>        |   12.909|
A<9>           |Sum<16>        |   13.699|
A<9>           |Sum<17>        |   16.107|
A<9>           |Sum<18>        |   17.414|
A<9>           |Sum<19>        |   18.184|
A<10>          |Carry          |   16.742|
A<10>          |OVF            |   17.289|
A<10>          |Sum<10>        |    7.971|
A<10>          |Sum<11>        |    8.384|
A<10>          |Sum<12>        |    9.169|
A<10>          |Sum<13>        |   10.676|
A<10>          |Sum<14>        |   11.074|
A<10>          |Sum<15>        |   11.719|
A<10>          |Sum<16>        |   12.509|
A<10>          |Sum<17>        |   14.917|
A<10>          |Sum<18>        |   16.224|
A<10>          |Sum<19>        |   16.994|
A<11>          |Carry          |   15.973|
A<11>          |OVF            |   16.520|
A<11>          |Sum<11>        |    9.586|
A<11>          |Sum<12>        |    8.400|
A<11>          |Sum<13>        |    9.907|
A<11>          |Sum<14>        |   10.305|
A<11>          |Sum<15>        |   10.950|
A<11>          |Sum<16>        |   11.740|
A<11>          |Sum<17>        |   14.148|
A<11>          |Sum<18>        |   15.455|
A<11>          |Sum<19>        |   16.225|
A<12>          |Carry          |   14.631|
A<12>          |OVF            |   15.178|
A<12>          |Sum<12>        |    7.058|
A<12>          |Sum<13>        |    8.565|
A<12>          |Sum<14>        |    8.963|
A<12>          |Sum<15>        |    9.608|
A<12>          |Sum<16>        |   10.398|
A<12>          |Sum<17>        |   12.806|
A<12>          |Sum<18>        |   14.113|
A<12>          |Sum<19>        |   14.883|
A<13>          |Carry          |   14.270|
A<13>          |OVF            |   14.817|
A<13>          |Sum<13>        |    7.831|
A<13>          |Sum<14>        |    8.602|
A<13>          |Sum<15>        |    9.247|
A<13>          |Sum<16>        |   10.037|
A<13>          |Sum<17>        |   12.445|
A<13>          |Sum<18>        |   13.752|
A<13>          |Sum<19>        |   14.522|
A<14>          |Carry          |   13.183|
A<14>          |OVF            |   13.730|
A<14>          |Sum<14>        |    7.702|
A<14>          |Sum<15>        |    8.160|
A<14>          |Sum<16>        |    8.950|
A<14>          |Sum<17>        |   11.358|
A<14>          |Sum<18>        |   12.665|
A<14>          |Sum<19>        |   13.435|
A<15>          |Carry          |   12.561|
A<15>          |OVF            |   13.108|
A<15>          |Sum<15>        |    7.538|
A<15>          |Sum<16>        |    8.139|
A<15>          |Sum<17>        |   10.736|
A<15>          |Sum<18>        |   12.043|
A<15>          |Sum<19>        |   12.813|
A<16>          |Carry          |   13.621|
A<16>          |OVF            |   14.168|
A<16>          |Sum<16>        |    9.121|
A<16>          |Sum<17>        |   11.796|
A<16>          |Sum<18>        |   13.103|
A<16>          |Sum<19>        |   13.873|
A<17>          |Carry          |   10.061|
A<17>          |OVF            |   10.608|
A<17>          |Sum<17>        |    8.388|
A<17>          |Sum<18>        |    9.543|
A<17>          |Sum<19>        |   10.313|
A<18>          |Carry          |    8.359|
A<18>          |OVF            |    8.906|
A<18>          |Sum<18>        |    7.841|
A<18>          |Sum<19>        |    8.611|
A<19>          |Carry          |    7.858|
A<19>          |OVF            |    8.498|
A<19>          |Sum<19>        |    8.235|
B<0>           |Carry          |   25.904|
B<0>           |OVF            |   26.451|
B<0>           |Sum<0>         |    9.266|
B<0>           |Sum<1>         |    8.564|
B<0>           |Sum<2>         |    9.125|
B<0>           |Sum<3>         |   10.695|
B<0>           |Sum<4>         |   11.511|
B<0>           |Sum<5>         |   12.903|
B<0>           |Sum<6>         |   13.134|
B<0>           |Sum<7>         |   14.503|
B<0>           |Sum<8>         |   14.725|
B<0>           |Sum<9>         |   16.012|
B<0>           |Sum<10>        |   16.048|
B<0>           |Sum<11>        |   16.749|
B<0>           |Sum<12>        |   18.331|
B<0>           |Sum<13>        |   19.838|
B<0>           |Sum<14>        |   20.236|
B<0>           |Sum<15>        |   20.881|
B<0>           |Sum<16>        |   21.671|
B<0>           |Sum<17>        |   24.079|
B<0>           |Sum<18>        |   25.386|
B<0>           |Sum<19>        |   26.156|
B<1>           |Carry          |   25.503|
B<1>           |OVF            |   26.050|
B<1>           |Sum<1>         |    8.098|
B<1>           |Sum<2>         |    8.724|
B<1>           |Sum<3>         |   10.294|
B<1>           |Sum<4>         |   11.110|
B<1>           |Sum<5>         |   12.502|
B<1>           |Sum<6>         |   12.733|
B<1>           |Sum<7>         |   14.102|
B<1>           |Sum<8>         |   14.324|
B<1>           |Sum<9>         |   15.611|
B<1>           |Sum<10>        |   15.647|
B<1>           |Sum<11>        |   16.348|
B<1>           |Sum<12>        |   17.930|
B<1>           |Sum<13>        |   19.437|
B<1>           |Sum<14>        |   19.835|
B<1>           |Sum<15>        |   20.480|
B<1>           |Sum<16>        |   21.270|
B<1>           |Sum<17>        |   23.678|
B<1>           |Sum<18>        |   24.985|
B<1>           |Sum<19>        |   25.755|
B<2>           |Carry          |   24.918|
B<2>           |OVF            |   25.465|
B<2>           |Sum<2>         |    8.245|
B<2>           |Sum<3>         |    9.709|
B<2>           |Sum<4>         |   10.525|
B<2>           |Sum<5>         |   11.917|
B<2>           |Sum<6>         |   12.148|
B<2>           |Sum<7>         |   13.517|
B<2>           |Sum<8>         |   13.739|
B<2>           |Sum<9>         |   15.026|
B<2>           |Sum<10>        |   15.062|
B<2>           |Sum<11>        |   15.763|
B<2>           |Sum<12>        |   17.345|
B<2>           |Sum<13>        |   18.852|
B<2>           |Sum<14>        |   19.250|
B<2>           |Sum<15>        |   19.895|
B<2>           |Sum<16>        |   20.685|
B<2>           |Sum<17>        |   23.093|
B<2>           |Sum<18>        |   24.400|
B<2>           |Sum<19>        |   25.170|
B<3>           |Carry          |   23.929|
B<3>           |OVF            |   24.476|
B<3>           |Sum<3>         |    8.074|
B<3>           |Sum<4>         |    9.536|
B<3>           |Sum<5>         |   10.928|
B<3>           |Sum<6>         |   11.159|
B<3>           |Sum<7>         |   12.528|
B<3>           |Sum<8>         |   12.750|
B<3>           |Sum<9>         |   14.037|
B<3>           |Sum<10>        |   14.073|
B<3>           |Sum<11>        |   14.774|
B<3>           |Sum<12>        |   16.356|
B<3>           |Sum<13>        |   17.863|
B<3>           |Sum<14>        |   18.261|
B<3>           |Sum<15>        |   18.906|
B<3>           |Sum<16>        |   19.696|
B<3>           |Sum<17>        |   22.104|
B<3>           |Sum<18>        |   23.411|
B<3>           |Sum<19>        |   24.181|
B<4>           |Carry          |   22.456|
B<4>           |OVF            |   23.003|
B<4>           |Sum<4>         |    8.422|
B<4>           |Sum<5>         |    9.455|
B<4>           |Sum<6>         |    9.686|
B<4>           |Sum<7>         |   11.055|
B<4>           |Sum<8>         |   11.277|
B<4>           |Sum<9>         |   12.564|
B<4>           |Sum<10>        |   12.600|
B<4>           |Sum<11>        |   13.301|
B<4>           |Sum<12>        |   14.883|
B<4>           |Sum<13>        |   16.390|
B<4>           |Sum<14>        |   16.788|
B<4>           |Sum<15>        |   17.433|
B<4>           |Sum<16>        |   18.223|
B<4>           |Sum<17>        |   20.631|
B<4>           |Sum<18>        |   21.938|
B<4>           |Sum<19>        |   22.708|
B<5>           |Carry          |   23.378|
B<5>           |OVF            |   23.925|
B<5>           |Sum<5>         |    8.892|
B<5>           |Sum<6>         |    9.842|
B<5>           |Sum<7>         |   11.977|
B<5>           |Sum<8>         |   12.199|
B<5>           |Sum<9>         |   13.486|
B<5>           |Sum<10>        |   13.522|
B<5>           |Sum<11>        |   14.223|
B<5>           |Sum<12>        |   15.805|
B<5>           |Sum<13>        |   17.312|
B<5>           |Sum<14>        |   17.710|
B<5>           |Sum<15>        |   18.355|
B<5>           |Sum<16>        |   19.145|
B<5>           |Sum<17>        |   21.553|
B<5>           |Sum<18>        |   22.860|
B<5>           |Sum<19>        |   23.630|
B<6>           |Carry          |   22.703|
B<6>           |OVF            |   23.250|
B<6>           |Sum<6>         |    9.957|
B<6>           |Sum<7>         |   11.302|
B<6>           |Sum<8>         |   11.524|
B<6>           |Sum<9>         |   12.811|
B<6>           |Sum<10>        |   12.847|
B<6>           |Sum<11>        |   13.548|
B<6>           |Sum<12>        |   15.130|
B<6>           |Sum<13>        |   16.637|
B<6>           |Sum<14>        |   17.035|
B<6>           |Sum<15>        |   17.680|
B<6>           |Sum<16>        |   18.470|
B<6>           |Sum<17>        |   20.878|
B<6>           |Sum<18>        |   22.185|
B<6>           |Sum<19>        |   22.955|
B<7>           |Carry          |   19.716|
B<7>           |OVF            |   20.263|
B<7>           |Sum<7>         |    8.552|
B<7>           |Sum<8>         |    8.537|
B<7>           |Sum<9>         |    9.824|
B<7>           |Sum<10>        |    9.860|
B<7>           |Sum<11>        |   10.561|
B<7>           |Sum<12>        |   12.143|
B<7>           |Sum<13>        |   13.650|
B<7>           |Sum<14>        |   14.048|
B<7>           |Sum<15>        |   14.693|
B<7>           |Sum<16>        |   15.483|
B<7>           |Sum<17>        |   17.891|
B<7>           |Sum<18>        |   19.198|
B<7>           |Sum<19>        |   19.968|
B<8>           |Carry          |   19.550|
B<8>           |OVF            |   20.097|
B<8>           |Sum<8>         |    8.426|
B<8>           |Sum<9>         |    9.658|
B<8>           |Sum<10>        |    9.694|
B<8>           |Sum<11>        |   10.395|
B<8>           |Sum<12>        |   11.977|
B<8>           |Sum<13>        |   13.484|
B<8>           |Sum<14>        |   13.882|
B<8>           |Sum<15>        |   14.527|
B<8>           |Sum<16>        |   15.317|
B<8>           |Sum<17>        |   17.725|
B<8>           |Sum<18>        |   19.032|
B<8>           |Sum<19>        |   19.802|
B<9>           |Carry          |   17.984|
B<9>           |OVF            |   18.531|
B<9>           |Sum<9>         |    7.854|
B<9>           |Sum<10>        |    8.128|
B<9>           |Sum<11>        |    8.829|
B<9>           |Sum<12>        |   10.411|
B<9>           |Sum<13>        |   11.918|
B<9>           |Sum<14>        |   12.316|
B<9>           |Sum<15>        |   12.961|
B<9>           |Sum<16>        |   13.751|
B<9>           |Sum<17>        |   16.159|
B<9>           |Sum<18>        |   17.466|
B<9>           |Sum<19>        |   18.236|
B<10>          |Carry          |   16.793|
B<10>          |OVF            |   17.340|
B<10>          |Sum<10>        |    7.056|
B<10>          |Sum<11>        |    8.710|
B<10>          |Sum<12>        |    9.220|
B<10>          |Sum<13>        |   10.727|
B<10>          |Sum<14>        |   11.125|
B<10>          |Sum<15>        |   11.770|
B<10>          |Sum<16>        |   12.560|
B<10>          |Sum<17>        |   14.968|
B<10>          |Sum<18>        |   16.275|
B<10>          |Sum<19>        |   17.045|
B<11>          |Carry          |   15.546|
B<11>          |OVF            |   16.093|
B<11>          |Sum<11>        |    8.872|
B<11>          |Sum<12>        |    7.973|
B<11>          |Sum<13>        |    9.480|
B<11>          |Sum<14>        |    9.878|
B<11>          |Sum<15>        |   10.523|
B<11>          |Sum<16>        |   11.313|
B<11>          |Sum<17>        |   13.721|
B<11>          |Sum<18>        |   15.028|
B<11>          |Sum<19>        |   15.798|
B<12>          |Carry          |   14.490|
B<12>          |OVF            |   15.037|
B<12>          |Sum<12>        |    6.917|
B<12>          |Sum<13>        |    8.424|
B<12>          |Sum<14>        |    8.822|
B<12>          |Sum<15>        |    9.467|
B<12>          |Sum<16>        |   10.257|
B<12>          |Sum<17>        |   12.665|
B<12>          |Sum<18>        |   13.972|
B<12>          |Sum<19>        |   14.742|
B<13>          |Carry          |   14.150|
B<13>          |OVF            |   14.697|
B<13>          |Sum<13>        |    7.794|
B<13>          |Sum<14>        |    8.482|
B<13>          |Sum<15>        |    9.127|
B<13>          |Sum<16>        |    9.917|
B<13>          |Sum<17>        |   12.325|
B<13>          |Sum<18>        |   13.632|
B<13>          |Sum<19>        |   14.402|
B<14>          |Carry          |   13.185|
B<14>          |OVF            |   13.732|
B<14>          |Sum<14>        |    7.785|
B<14>          |Sum<15>        |    8.162|
B<14>          |Sum<16>        |    8.952|
B<14>          |Sum<17>        |   11.360|
B<14>          |Sum<18>        |   12.667|
B<14>          |Sum<19>        |   13.437|
B<15>          |Carry          |   12.322|
B<15>          |OVF            |   12.869|
B<15>          |Sum<15>        |    6.498|
B<15>          |Sum<16>        |    7.969|
B<15>          |Sum<17>        |   10.497|
B<15>          |Sum<18>        |   11.804|
B<15>          |Sum<19>        |   12.574|
B<16>          |Carry          |   12.966|
B<16>          |OVF            |   13.513|
B<16>          |Sum<16>        |    8.466|
B<16>          |Sum<17>        |   11.141|
B<16>          |Sum<18>        |   12.448|
B<16>          |Sum<19>        |   13.218|
B<17>          |Carry          |    9.193|
B<17>          |OVF            |    9.740|
B<17>          |Sum<17>        |    7.884|
B<17>          |Sum<18>        |    8.675|
B<17>          |Sum<19>        |    9.445|
B<18>          |Carry          |    7.960|
B<18>          |OVF            |    8.507|
B<18>          |Sum<18>        |    7.442|
B<18>          |Sum<19>        |    8.212|
B<19>          |Carry          |    7.562|
B<19>          |OVF            |    7.899|
B<19>          |Sum<19>        |    8.043|
SUB            |Carry          |   27.130|
SUB            |OVF            |   27.677|
SUB            |Sum<1>         |   10.146|
SUB            |Sum<2>         |   10.351|
SUB            |Sum<3>         |   11.921|
SUB            |Sum<4>         |   12.737|
SUB            |Sum<5>         |   14.129|
SUB            |Sum<6>         |   14.360|
SUB            |Sum<7>         |   15.729|
SUB            |Sum<8>         |   15.951|
SUB            |Sum<9>         |   17.238|
SUB            |Sum<10>        |   17.274|
SUB            |Sum<11>        |   17.975|
SUB            |Sum<12>        |   19.557|
SUB            |Sum<13>        |   21.064|
SUB            |Sum<14>        |   21.462|
SUB            |Sum<15>        |   22.107|
SUB            |Sum<16>        |   22.897|
SUB            |Sum<17>        |   25.305|
SUB            |Sum<18>        |   26.612|
SUB            |Sum<19>        |   27.382|
---------------+---------------+---------+


Analysis completed Wed Dec 16 00:39:35 2020 
--------------------------------------------------------------------------------

Trace Settings:
-------------------------
Trace Settings 

Peak Memory Usage: 4503 MB



