MO FullAdder_MUSER_Bit15Adder NULL Bit15Adder.vf vlg56/_full_adder___m_u_s_e_r___bit15_adder.bin 1606855174
MO Bit3Adder NULL Bit3Adder.vf vlg4E/_bit3_adder.bin 1606850009
MO Bit15Adder NULL Bit15Adder.vf vlg1D/_bit15_adder.bin 1606855174
MO FullAdder NULL FullAdder.vf vlg73/_full_adder.bin 1606855174
